Archive member included because of file (symbol)

c:/winavr-20100110/bin/../lib/gcc/avr/4.3.3/avr5\libgcc.a(_exit.o)
                              c:/winavr-20100110/bin/../lib/gcc/avr/4.3.3/../../../../avr/lib/avr5/crtm16.o (exit)
c:/winavr-20100110/bin/../lib/gcc/avr/4.3.3/avr5\libgcc.a(_clear_bss.o)
                              ./MCAL/INTERRUPT/interrupt_program.o (__do_clear_bss)

Memory Configuration

Name             Origin             Length             Attributes
text             0x00000000         0x00020000         xr
data             0x00800060         0x0000ffa0         rw !x
eeprom           0x00810000         0x00010000         rw !x
fuse             0x00820000         0x00000400         rw !x
lock             0x00830000         0x00000400         rw !x
signature        0x00840000         0x00000400         rw !x
*default*        0x00000000         0xffffffff

Linker script and memory map

LOAD c:/winavr-20100110/bin/../lib/gcc/avr/4.3.3/../../../../avr/lib/avr5/crtm16.o
LOAD ./MCAL/INTERRUPT/interrupt_program.o
LOAD ./MCAL/DIO/DIO_program.o
LOAD ./MCAL/ADC/ADC_program.o
LOAD ./ECUAL/LED/led.o
LOAD ./ECUAL/BUZ/buz.o
LOAD ./APPLICATION/app.o
LOAD ./main.o
LOAD c:/winavr-20100110/bin/../lib/gcc/avr/4.3.3/avr5\libgcc.a
LOAD c:/winavr-20100110/bin/../lib/gcc/avr/4.3.3/../../../../avr/lib/avr5\libc.a
LOAD c:/winavr-20100110/bin/../lib/gcc/avr/4.3.3/avr5\libgcc.a

.hash
 *(.hash)

.dynsym
 *(.dynsym)

.dynstr
 *(.dynstr)

.gnu.version
 *(.gnu.version)

.gnu.version_d
 *(.gnu.version_d)

.gnu.version_r
 *(.gnu.version_r)

.rel.init
 *(.rel.init)

.rela.init
 *(.rela.init)

.rel.text
 *(.rel.text)
 *(.rel.text.*)
 *(.rel.gnu.linkonce.t*)

.rela.text
 *(.rela.text)
 *(.rela.text.*)
 *(.rela.gnu.linkonce.t*)

.rel.fini
 *(.rel.fini)

.rela.fini
 *(.rela.fini)

.rel.rodata
 *(.rel.rodata)
 *(.rel.rodata.*)
 *(.rel.gnu.linkonce.r*)

.rela.rodata
 *(.rela.rodata)
 *(.rela.rodata.*)
 *(.rela.gnu.linkonce.r*)

.rel.data
 *(.rel.data)
 *(.rel.data.*)
 *(.rel.gnu.linkonce.d*)

.rela.data
 *(.rela.data)
 *(.rela.data.*)
 *(.rela.gnu.linkonce.d*)

.rel.ctors
 *(.rel.ctors)

.rela.ctors
 *(.rela.ctors)

.rel.dtors
 *(.rel.dtors)

.rela.dtors
 *(.rela.dtors)

.rel.got
 *(.rel.got)

.rela.got
 *(.rela.got)

.rel.bss
 *(.rel.bss)

.rela.bss
 *(.rela.bss)

.rel.plt
 *(.rel.plt)

.rela.plt
 *(.rela.plt)

.text           0x00000000      0x5ca
 *(.vectors)
 .vectors       0x00000000       0x54 c:/winavr-20100110/bin/../lib/gcc/avr/4.3.3/../../../../avr/lib/avr5/crtm16.o
                0x00000000                __vectors
                0x00000000                __vector_default
 *(.vectors)
 *(.progmem.gcc*)
 *(.progmem*)
                0x00000054                . = ALIGN (0x2)
                0x00000054                __trampolines_start = .
 *(.trampolines)
 .trampolines   0x00000054        0x0 linker stubs
 *(.trampolines*)
                0x00000054                __trampolines_end = .
 *(.jumptables)
 *(.jumptables*)
 *(.lowtext)
 *(.lowtext*)
                0x00000054                __ctors_start = .
 *(.ctors)
                0x00000054                __ctors_end = .
                0x00000054                __dtors_start = .
 *(.dtors)
                0x00000054                __dtors_end = .
 SORT(*)(.ctors)
 SORT(*)(.dtors)
 *(.init0)
 .init0         0x00000054        0x0 c:/winavr-20100110/bin/../lib/gcc/avr/4.3.3/../../../../avr/lib/avr5/crtm16.o
                0x00000054                __init
 *(.init0)
 *(.init1)
 *(.init1)
 *(.init2)
 .init2         0x00000054        0xc c:/winavr-20100110/bin/../lib/gcc/avr/4.3.3/../../../../avr/lib/avr5/crtm16.o
 *(.init2)
 *(.init3)
 *(.init3)
 *(.init4)
 .init4         0x00000060       0x10 c:/winavr-20100110/bin/../lib/gcc/avr/4.3.3/avr5\libgcc.a(_clear_bss.o)
                0x00000060                __do_clear_bss
 *(.init4)
 *(.init5)
 *(.init5)
 *(.init6)
 *(.init6)
 *(.init7)
 *(.init7)
 *(.init8)
 *(.init8)
 *(.init9)
 .init9         0x00000070        0x8 c:/winavr-20100110/bin/../lib/gcc/avr/4.3.3/../../../../avr/lib/avr5/crtm16.o
 *(.init9)
 *(.text)
 .text          0x00000078        0x4 c:/winavr-20100110/bin/../lib/gcc/avr/4.3.3/../../../../avr/lib/avr5/crtm16.o
                0x00000078                __vector_12
                0x00000078                __bad_interrupt
                0x00000078                __vector_6
                0x00000078                __vector_11
                0x00000078                __vector_13
                0x00000078                __vector_17
                0x00000078                __vector_19
                0x00000078                __vector_7
                0x00000078                __vector_5
                0x00000078                __vector_4
                0x00000078                __vector_9
                0x00000078                __vector_15
                0x00000078                __vector_8
                0x00000078                __vector_14
                0x00000078                __vector_10
                0x00000078                __vector_16
                0x00000078                __vector_18
                0x00000078                __vector_20
 .text          0x0000007c        0x0 ./MCAL/INTERRUPT/interrupt_program.o
 .text          0x0000007c        0x0 ./MCAL/DIO/DIO_program.o
 .text          0x0000007c        0x0 ./MCAL/ADC/ADC_program.o
 .text          0x0000007c        0x0 ./ECUAL/LED/led.o
 .text          0x0000007c        0x0 ./ECUAL/BUZ/buz.o
 .text          0x0000007c        0x0 ./APPLICATION/app.o
 .text          0x0000007c        0x0 ./main.o
 .text          0x0000007c        0x0 c:/winavr-20100110/bin/../lib/gcc/avr/4.3.3/avr5\libgcc.a(_exit.o)
 .text          0x0000007c        0x0 c:/winavr-20100110/bin/../lib/gcc/avr/4.3.3/avr5\libgcc.a(_clear_bss.o)
                0x0000007c                . = ALIGN (0x2)
 *(.text.*)
 .text.GIE_enable
                0x0000007c        0x8 ./MCAL/INTERRUPT/interrupt_program.o
                0x0000007c                GIE_enable
 .text.GIE_disenale
                0x00000084        0x8 ./MCAL/INTERRUPT/interrupt_program.o
                0x00000084                GIE_disenale
 .text.INT_0_init
                0x0000008c       0x14 ./MCAL/INTERRUPT/interrupt_program.o
                0x0000008c                INT_0_init
 .text.INT_1_init
                0x000000a0       0x14 ./MCAL/INTERRUPT/interrupt_program.o
                0x000000a0                INT_1_init
 .text.INT_2_init
                0x000000b4        0xe ./MCAL/INTERRUPT/interrupt_program.o
                0x000000b4                INT_2_init
 .text.INT0_CallBack
                0x000000c2        0xe ./MCAL/INTERRUPT/interrupt_program.o
                0x000000c2                INT0_CallBack
 .text.INT2_CallBack
                0x000000d0        0xe ./MCAL/INTERRUPT/interrupt_program.o
                0x000000d0                INT2_CallBack
 .text.INT1_CallBack
                0x000000de        0xe ./MCAL/INTERRUPT/interrupt_program.o
                0x000000de                INT1_CallBack
 .text.__vector_1
                0x000000ec       0x4e ./MCAL/INTERRUPT/interrupt_program.o
                0x000000ec                __vector_1
 .text.__vector_2
                0x0000013a       0x4e ./MCAL/INTERRUPT/interrupt_program.o
                0x0000013a                __vector_2
 .text.__vector_3
                0x00000188       0x4e ./MCAL/INTERRUPT/interrupt_program.o
                0x00000188                __vector_3
 .text.DIO_Set_pin_direction
                0x000001d6       0xf4 ./MCAL/DIO/DIO_program.o
                0x000001d6                DIO_Set_pin_direction
 .text.DIO_Set_pin_value
                0x000002ca       0xdc ./MCAL/DIO/DIO_program.o
                0x000002ca                DIO_Set_pin_value
 .text.DIO_Get_pin_value
                0x000003a6       0x3c ./MCAL/DIO/DIO_program.o
                0x000003a6                DIO_Get_pin_value
 .text.DIO_Set_Port_value
                0x000003e2       0x28 ./MCAL/DIO/DIO_program.o
                0x000003e2                DIO_Set_Port_value
 .text.DIO_Set_Port_Dirction
                0x0000040a       0x50 ./MCAL/DIO/DIO_program.o
                0x0000040a                DIO_Set_Port_Dirction
 .text.DIO_Toggle_Pin
                0x0000045a       0x70 ./MCAL/DIO/DIO_program.o
                0x0000045a                DIO_Toggle_Pin
 .text.ADC_init
                0x000004ca       0x10 ./MCAL/ADC/ADC_program.o
                0x000004ca                ADC_init
 .text.ADC_return
                0x000004da       0x58 ./MCAL/ADC/ADC_program.o
                0x000004da                ADC_return
 .text.LED_toggle
                0x00000532        0x6 ./ECUAL/LED/led.o
                0x00000532                LED_toggle
 .text.LED_turnoff
                0x00000538        0x8 ./ECUAL/LED/led.o
                0x00000538                LED_turnoff
 .text.LED_turnon
                0x00000540        0x8 ./ECUAL/LED/led.o
                0x00000540                LED_turnon
 .text.LED_init
                0x00000548        0x8 ./ECUAL/LED/led.o
                0x00000548                LED_init
 .text.BUZ_toggle
                0x00000550        0x6 ./ECUAL/BUZ/buz.o
                0x00000550                BUZ_toggle
 .text.BUZ_turnoff
                0x00000556        0x8 ./ECUAL/BUZ/buz.o
                0x00000556                BUZ_turnoff
 .text.BUZ_turnon
                0x0000055e        0x8 ./ECUAL/BUZ/buz.o
                0x0000055e                BUZ_turnon
 .text.BUZ_init
                0x00000566        0x8 ./ECUAL/BUZ/buz.o
                0x00000566                BUZ_init
 .text.app      0x0000056e       0x46 ./APPLICATION/app.o
                0x0000056e                app
 .text.fun      0x000005b4        0xc ./APPLICATION/app.o
                0x000005b4                fun
 .text.main     0x000005c0        0x6 ./main.o
                0x000005c0                main
 .text.libgcc   0x000005c6        0x0 c:/winavr-20100110/bin/../lib/gcc/avr/4.3.3/avr5\libgcc.a(_exit.o)
 .text.libgcc   0x000005c6        0x0 c:/winavr-20100110/bin/../lib/gcc/avr/4.3.3/avr5\libgcc.a(_clear_bss.o)
                0x000005c6                . = ALIGN (0x2)
 *(.fini9)
 .fini9         0x000005c6        0x0 c:/winavr-20100110/bin/../lib/gcc/avr/4.3.3/avr5\libgcc.a(_exit.o)
                0x000005c6                exit
                0x000005c6                _exit
 *(.fini9)
 *(.fini8)
 *(.fini8)
 *(.fini7)
 *(.fini7)
 *(.fini6)
 *(.fini6)
 *(.fini5)
 *(.fini5)
 *(.fini4)
 *(.fini4)
 *(.fini3)
 *(.fini3)
 *(.fini2)
 *(.fini2)
 *(.fini1)
 *(.fini1)
 *(.fini0)
 .fini0         0x000005c6        0x4 c:/winavr-20100110/bin/../lib/gcc/avr/4.3.3/avr5\libgcc.a(_exit.o)
 *(.fini0)
                0x000005ca                _etext = .

.data           0x00800060        0x0 load address 0x000005ca
                0x00800060                PROVIDE (__data_start, .)
 *(.data)
 .data          0x00800060        0x0 c:/winavr-20100110/bin/../lib/gcc/avr/4.3.3/../../../../avr/lib/avr5/crtm16.o
 .data          0x00800060        0x0 ./MCAL/INTERRUPT/interrupt_program.o
 .data          0x00800060        0x0 ./MCAL/DIO/DIO_program.o
 .data          0x00800060        0x0 ./MCAL/ADC/ADC_program.o
 .data          0x00800060        0x0 ./ECUAL/LED/led.o
 .data          0x00800060        0x0 ./ECUAL/BUZ/buz.o
 .data          0x00800060        0x0 ./APPLICATION/app.o
 .data          0x00800060        0x0 ./main.o
 .data          0x00800060        0x0 c:/winavr-20100110/bin/../lib/gcc/avr/4.3.3/avr5\libgcc.a(_exit.o)
 .data          0x00800060        0x0 c:/winavr-20100110/bin/../lib/gcc/avr/4.3.3/avr5\libgcc.a(_clear_bss.o)
 *(.data*)
 *(.rodata)
 *(.rodata*)
 *(.gnu.linkonce.d*)
                0x00800060                . = ALIGN (0x2)
                0x00800060                _edata = .
                0x00800060                PROVIDE (__data_end, .)

.bss            0x00800060        0x6
                0x00800060                PROVIDE (__bss_start, .)
 *(.bss)
 .bss           0x00800060        0x0 c:/winavr-20100110/bin/../lib/gcc/avr/4.3.3/../../../../avr/lib/avr5/crtm16.o
 .bss           0x00800060        0x0 ./MCAL/INTERRUPT/interrupt_program.o
 .bss           0x00800060        0x0 ./MCAL/DIO/DIO_program.o
 .bss           0x00800060        0x0 ./MCAL/ADC/ADC_program.o
 .bss           0x00800060        0x0 ./ECUAL/LED/led.o
 .bss           0x00800060        0x0 ./ECUAL/BUZ/buz.o
 .bss           0x00800060        0x0 ./APPLICATION/app.o
 .bss           0x00800060        0x0 ./main.o
 .bss           0x00800060        0x0 c:/winavr-20100110/bin/../lib/gcc/avr/4.3.3/avr5\libgcc.a(_exit.o)
 .bss           0x00800060        0x0 c:/winavr-20100110/bin/../lib/gcc/avr/4.3.3/avr5\libgcc.a(_clear_bss.o)
 *(.bss*)
 .bss.INT0_ISR  0x00800060        0x2 ./MCAL/INTERRUPT/interrupt_program.o
                0x00800060                INT0_ISR
 .bss.INT1_ISR  0x00800062        0x2 ./MCAL/INTERRUPT/interrupt_program.o
                0x00800062                INT1_ISR
 .bss.INT2_ISR  0x00800064        0x2 ./MCAL/INTERRUPT/interrupt_program.o
                0x00800064                INT2_ISR
 *(COMMON)
                0x00800066                PROVIDE (__bss_end, .)
                0x000005ca                __data_load_start = LOADADDR (.data)
                0x000005ca                __data_load_end = (__data_load_start + SIZEOF (.data))

.noinit         0x00800066        0x0
                0x00800066                PROVIDE (__noinit_start, .)
 *(.noinit*)
                0x00800066                PROVIDE (__noinit_end, .)
                0x00800066                _end = .
                0x00800066                PROVIDE (__heap_start, .)

.eeprom         0x00810000        0x0
 *(.eeprom*)
                0x00810000                __eeprom_end = .

.fuse
 *(.fuse)
 *(.lfuse)
 *(.hfuse)
 *(.efuse)

.lock
 *(.lock*)

.signature
 *(.signature*)

.stab
 *(.stab)

.stabstr
 *(.stabstr)

.stab.excl
 *(.stab.excl)

.stab.exclstr
 *(.stab.exclstr)

.stab.index
 *(.stab.index)

.stab.indexstr
 *(.stab.indexstr)

.comment
 *(.comment)

.debug
 *(.debug)

.line
 *(.line)

.debug_srcinfo
 *(.debug_srcinfo)

.debug_sfnames
 *(.debug_sfnames)

.debug_aranges
 *(.debug_aranges)

.debug_pubnames
 *(.debug_pubnames)

.debug_info
 *(.debug_info)
 *(.gnu.linkonce.wi.*)

.debug_abbrev
 *(.debug_abbrev)

.debug_line
 *(.debug_line)

.debug_frame
 *(.debug_frame)

.debug_str
 *(.debug_str)

.debug_loc
 *(.debug_loc)

.debug_macinfo
 *(.debug_macinfo)
OUTPUT(My_Lovly_project.elf elf32-avr)
LOAD linker stubs
